// Jest Snapshot v1, https://goo.gl/fbAQLP

exports[`Header renders correctly 1`] = `
<header
  className="head-main"
>
  <div
    className="head-elements"
    style={
      Object {
        "margin": "0",
        "padding": ".75rem",
      }
    }
  >
    <h1
      className="head-logo ml-4"
      style={
        Object {
          "margin": 0,
        }
      }
    >
      <a
        href="/"
        style={
          Object {
            "color": "white",
            "textDecoration": "none",
          }
        }
      >
        Gatsby Blog
      </a>
    </h1>
    <div
      className="social-links float-right mr-4"
    >
      <a
        className="text-primary ml-4"
        href="SabrinaMarkon"
      >
        <span
          title="Linked In"
        >
          <svg
            fill="currentColor"
            height={40}
            size={40}
            stroke="currentColor"
            strokeWidth="0"
            style={
              Object {
                "color": "primary",
              }
            }
            viewBox="0 0 448 512"
            width={40}
            xmlns="http://www.w3.org/2000/svg"
          >
            <path
              d="M416 32H31.9C14.3 32 0 46.5 0 64.3v383.4C0 465.5 14.3 480 31.9 480H416c17.6 0 32-14.5 32-32.3V64.3c0-17.8-14.4-32.3-32-32.3zM135.4 416H69V202.2h66.5V416zm-33.2-243c-21.3 0-38.5-17.3-38.5-38.5S80.9 96 102.2 96c21.2 0 38.5 17.3 38.5 38.5 0 21.3-17.2 38.5-38.5 38.5zm282.1 243h-66.4V312c0-24.8-.5-56.7-34.5-56.7-34.6 0-39.9 27-39.9 54.9V416h-66.4V202.2h63.7v29.2h.9c8.9-16.8 30.6-34.5 62.9-34.5 67.2 0 79.7 44.3 79.7 101.9V416z"
            />
          </svg>
        </span>
      </a>
      <a
        className="text-light ml-4"
        href="SabrinaMarkon"
      >
        <span
          title="GitHub"
        >
          <svg
            fill="currentColor"
            height={40}
            size={40}
            stroke="currentColor"
            strokeWidth="0"
            style={
              Object {
                "color": "light",
              }
            }
            viewBox="0 0 448 512"
            width={40}
            xmlns="http://www.w3.org/2000/svg"
          >
            <path
              d="M400 32H48C21.5 32 0 53.5 0 80v352c0 26.5 21.5 48 48 48h352c26.5 0 48-21.5 48-48V80c0-26.5-21.5-48-48-48zM277.3 415.7c-8.4 1.5-11.5-3.7-11.5-8 0-5.4.2-33 .2-55.3 0-15.6-5.2-25.5-11.3-30.7 37-4.1 76-9.2 76-73.1 0-18.2-6.5-27.3-17.1-39 1.7-4.3 7.4-22-1.7-45-13.9-4.3-45.7 17.9-45.7 17.9-13.2-3.7-27.5-5.6-41.6-5.6-14.1 0-28.4 1.9-41.6 5.6 0 0-31.8-22.2-45.7-17.9-9.1 22.9-3.5 40.6-1.7 45-10.6 11.7-15.6 20.8-15.6 39 0 63.6 37.3 69 74.3 73.1-4.8 4.3-9.1 11.7-10.6 22.3-9.5 4.3-33.8 11.7-48.3-13.9-9.1-15.8-25.5-17.1-25.5-17.1-16.2-.2-1.1 10.2-1.1 10.2 10.8 5 18.4 24.2 18.4 24.2 9.7 29.7 56.1 19.7 56.1 19.7 0 13.9.2 36.5.2 40.6 0 4.3-3 9.5-11.5 8-66-22.1-112.2-84.9-112.2-158.3 0-91.8 70.2-161.5 162-161.5S388 165.6 388 257.4c.1 73.4-44.7 136.3-110.7 158.3zm-98.1-61.1c-1.9.4-3.7-.4-3.9-1.7-.2-1.5 1.1-2.8 3-3.2 1.9-.2 3.7.6 3.9 1.9.3 1.3-1 2.6-3 3zm-9.5-.9c0 1.3-1.5 2.4-3.5 2.4-2.2.2-3.7-.9-3.7-2.4 0-1.3 1.5-2.4 3.5-2.4 1.9-.2 3.7.9 3.7 2.4zm-13.7-1.1c-.4 1.3-2.4 1.9-4.1 1.3-1.9-.4-3.2-1.9-2.8-3.2.4-1.3 2.4-1.9 4.1-1.5 2 .6 3.3 2.1 2.8 3.4zm-12.3-5.4c-.9 1.1-2.8.9-4.3-.6-1.5-1.3-1.9-3.2-.9-4.1.9-1.1 2.8-.9 4.3.6 1.3 1.3 1.8 3.3.9 4.1zm-9.1-9.1c-.9.6-2.6 0-3.7-1.5s-1.1-3.2 0-3.9c1.1-.9 2.8-.2 3.7 1.3 1.1 1.5 1.1 3.3 0 4.1zm-6.5-9.7c-.9.9-2.4.4-3.5-.6-1.1-1.3-1.3-2.8-.4-3.5.9-.9 2.4-.4 3.5.6 1.1 1.3 1.3 2.8.4 3.5zm-6.7-7.4c-.4.9-1.7 1.1-2.8.4-1.3-.6-1.9-1.7-1.5-2.6.4-.6 1.5-.9 2.8-.4 1.3.7 1.9 1.8 1.5 2.6z"
            />
          </svg>
        </span>
      </a>
      <a
        className="text-warning ml-4"
      >
        <span
          title="Stack Overflow"
        >
          <svg
            fill="currentColor"
            height={40}
            size={40}
            stroke="currentColor"
            strokeWidth="0"
            style={
              Object {
                "color": "warning",
              }
            }
            viewBox="0 0 384 512"
            width={40}
            xmlns="http://www.w3.org/2000/svg"
          >
            <path
              d="M290.7 311L95 269.7 86.8 309l195.7 41zm51-87L188.2 95.7l-25.5 30.8 153.5 128.3zm-31.2 39.7L129.2 179l-16.7 36.5L293.7 300zM262 32l-32 24 119.3 160.3 32-24zm20.5 328h-200v39.7h200zm39.7 80H42.7V320h-40v160h359.5V320h-40z"
            />
          </svg>
        </span>
      </a>
      <a
        className="text-success ml-4"
      >
        <span
          title="freeCodeCamp"
        >
          <svg
            fill="currentColor"
            height={40}
            size={40}
            stroke="currentColor"
            strokeWidth="0"
            style={
              Object {
                "color": "success",
              }
            }
            viewBox="0 0 576 512"
            width={40}
            xmlns="http://www.w3.org/2000/svg"
          >
            <path
              d="M69.3 144.5c-41 68.5-36.4 163 1 227C92.5 409.7 120 423.9 120 438c0 6.8-6 13-12.8 13C87.7 451 8 375.5 8 253.2c0-111.5 78-186 97.1-186 6 0 14.9 4.8 14.9 11.1 0 12.7-28.3 28.6-50.7 66.2zm195.8 213.8c4.5 1.8 12.3 5.2 12.3-1.2 0-2.7-2.2-2.9-4.3-3.6-8.5-3.4-14-7.7-19.1-15.2-8.2-12.1-10.1-24.2-10.1-38.6 0-32.1 44.2-37.9 44.2-70 0-12.3-7.7-15.9-7.7-19.3 0-2.2.7-2.2 2.9-2.2 8 0 19.1 13.3 22.5 19.8 2.2 4.6 2.4 6 2.4 11.1 0 7-.7 14.2-.7 21.3 0 27 31.9 19.8 31.9 6.8 0-6-3.6-11.6-3.6-17.4 0-.7 0-1.2.7-1.2 3.4 0 9.4 7.7 11.1 10.1 5.8 8.9 8.5 20.8 8.5 31.4 0 32.4-29.5 49-29.5 56 0 1 2.9 7.7 12.1 1.9 29.7-15.1 53.1-47.6 53.1-89.8 0-33.6-8.7-57.7-32.1-82.6-3.9-4.1-16.4-16.9-22.5-16.9-8.2 0 7.2 18.6 7.2 31.2 0 7.2-4.8 12.3-12.3 12.3-11.6 0-14.5-25.4-15.9-33.3-5.8-33.8-12.8-58.2-46.4-74.1-10.4-5-36.5-11.8-36.5-2.2 0 2.4 2.7 4.1 4.6 5.1 9.2 5.6 19.6 21.4 19.6 38.2 0 46.1-57.7 88.2-57.7 136.2-.2 40.3 28.1 72.6 65.3 86.2zM470.4 67c-6 0-14.4 6.5-14.4 12.6 0 8.7 12.1 19.6 17.6 25.4 81.6 85.1 78.6 214.3 17.6 291-7 8.9-35.3 35.3-35.3 43.5 0 5.1 8.2 11.4 13.2 11.4 25.4 0 98.8-80.8 98.8-185.7C568 145.9 491.8 67 470.4 67zm-42.3 323.1H167c-9.4 0-15.5 7.5-15.5 16.4 0 8.5 7 15.5 15.5 15.5h261.1c9.4 0 11.9-7.5 11.9-16.4 0-8.5-3.5-15.5-11.9-15.5z"
            />
          </svg>
        </span>
      </a>
      <a
        className="text-info ml-4"
      >
        <span
          title="Twitter"
        >
          <svg
            fill="currentColor"
            height={40}
            size={40}
            stroke="currentColor"
            strokeWidth="0"
            style={
              Object {
                "color": "info",
              }
            }
            viewBox="0 0 448 512"
            width={40}
            xmlns="http://www.w3.org/2000/svg"
          >
            <path
              d="M400 32H48C21.5 32 0 53.5 0 80v352c0 26.5 21.5 48 48 48h352c26.5 0 48-21.5 48-48V80c0-26.5-21.5-48-48-48zm-48.9 158.8c.2 2.8.2 5.7.2 8.5 0 86.7-66 186.6-186.6 186.6-37.2 0-71.7-10.8-100.7-29.4 5.3.6 10.4.8 15.8.8 30.7 0 58.9-10.4 81.4-28-28.8-.6-53-19.5-61.3-45.5 10.1 1.5 19.2 1.5 29.6-1.2-30-6.1-52.5-32.5-52.5-64.4v-.8c8.7 4.9 18.9 7.9 29.6 8.3a65.447 65.447 0 0 1-29.2-54.6c0-12.2 3.2-23.4 8.9-33.1 32.3 39.8 80.8 65.8 135.2 68.6-9.3-44.5 24-80.6 64-80.6 18.9 0 35.9 7.9 47.9 20.7 14.8-2.8 29-8.3 41.6-15.8-4.9 15.2-15.2 28-28.8 36.1 13.2-1.4 26-5.1 37.8-10.2-8.9 13.1-20.1 24.7-32.9 34z"
            />
          </svg>
        </span>
      </a>
    </div>
  </div>
  <div
    className="bottom-bar py-1"
  >
    <a
      className=" text-primary"
      href="SabrinaMarkon"
    >
      <span
        title="Linked In"
      >
        <svg
          fill="currentColor"
          height={26}
          size={26}
          stroke="currentColor"
          strokeWidth="0"
          style={
            Object {
              "color": "primary",
            }
          }
          viewBox="0 0 448 512"
          width={26}
          xmlns="http://www.w3.org/2000/svg"
        >
          <path
            d="M416 32H31.9C14.3 32 0 46.5 0 64.3v383.4C0 465.5 14.3 480 31.9 480H416c17.6 0 32-14.5 32-32.3V64.3c0-17.8-14.4-32.3-32-32.3zM135.4 416H69V202.2h66.5V416zm-33.2-243c-21.3 0-38.5-17.3-38.5-38.5S80.9 96 102.2 96c21.2 0 38.5 17.3 38.5 38.5 0 21.3-17.2 38.5-38.5 38.5zm282.1 243h-66.4V312c0-24.8-.5-56.7-34.5-56.7-34.6 0-39.9 27-39.9 54.9V416h-66.4V202.2h63.7v29.2h.9c8.9-16.8 30.6-34.5 62.9-34.5 67.2 0 79.7 44.3 79.7 101.9V416z"
          />
        </svg>
      </span>
    </a>
    <a
      className="text-light"
      href="SabrinaMarkon"
    >
      <span
        title="GitHub"
      >
        <svg
          fill="currentColor"
          height={26}
          size={26}
          stroke="currentColor"
          strokeWidth="0"
          style={
            Object {
              "color": "light",
            }
          }
          viewBox="0 0 448 512"
          width={26}
          xmlns="http://www.w3.org/2000/svg"
        >
          <path
            d="M400 32H48C21.5 32 0 53.5 0 80v352c0 26.5 21.5 48 48 48h352c26.5 0 48-21.5 48-48V80c0-26.5-21.5-48-48-48zM277.3 415.7c-8.4 1.5-11.5-3.7-11.5-8 0-5.4.2-33 .2-55.3 0-15.6-5.2-25.5-11.3-30.7 37-4.1 76-9.2 76-73.1 0-18.2-6.5-27.3-17.1-39 1.7-4.3 7.4-22-1.7-45-13.9-4.3-45.7 17.9-45.7 17.9-13.2-3.7-27.5-5.6-41.6-5.6-14.1 0-28.4 1.9-41.6 5.6 0 0-31.8-22.2-45.7-17.9-9.1 22.9-3.5 40.6-1.7 45-10.6 11.7-15.6 20.8-15.6 39 0 63.6 37.3 69 74.3 73.1-4.8 4.3-9.1 11.7-10.6 22.3-9.5 4.3-33.8 11.7-48.3-13.9-9.1-15.8-25.5-17.1-25.5-17.1-16.2-.2-1.1 10.2-1.1 10.2 10.8 5 18.4 24.2 18.4 24.2 9.7 29.7 56.1 19.7 56.1 19.7 0 13.9.2 36.5.2 40.6 0 4.3-3 9.5-11.5 8-66-22.1-112.2-84.9-112.2-158.3 0-91.8 70.2-161.5 162-161.5S388 165.6 388 257.4c.1 73.4-44.7 136.3-110.7 158.3zm-98.1-61.1c-1.9.4-3.7-.4-3.9-1.7-.2-1.5 1.1-2.8 3-3.2 1.9-.2 3.7.6 3.9 1.9.3 1.3-1 2.6-3 3zm-9.5-.9c0 1.3-1.5 2.4-3.5 2.4-2.2.2-3.7-.9-3.7-2.4 0-1.3 1.5-2.4 3.5-2.4 1.9-.2 3.7.9 3.7 2.4zm-13.7-1.1c-.4 1.3-2.4 1.9-4.1 1.3-1.9-.4-3.2-1.9-2.8-3.2.4-1.3 2.4-1.9 4.1-1.5 2 .6 3.3 2.1 2.8 3.4zm-12.3-5.4c-.9 1.1-2.8.9-4.3-.6-1.5-1.3-1.9-3.2-.9-4.1.9-1.1 2.8-.9 4.3.6 1.3 1.3 1.8 3.3.9 4.1zm-9.1-9.1c-.9.6-2.6 0-3.7-1.5s-1.1-3.2 0-3.9c1.1-.9 2.8-.2 3.7 1.3 1.1 1.5 1.1 3.3 0 4.1zm-6.5-9.7c-.9.9-2.4.4-3.5-.6-1.1-1.3-1.3-2.8-.4-3.5.9-.9 2.4-.4 3.5.6 1.1 1.3 1.3 2.8.4 3.5zm-6.7-7.4c-.4.9-1.7 1.1-2.8.4-1.3-.6-1.9-1.7-1.5-2.6.4-.6 1.5-.9 2.8-.4 1.3.7 1.9 1.8 1.5 2.6z"
          />
        </svg>
      </span>
    </a>
    <a
      className="text-warning"
    >
      <span
        title="Stack Overflow"
      >
        <svg
          fill="currentColor"
          height={26}
          size={26}
          stroke="currentColor"
          strokeWidth="0"
          style={
            Object {
              "color": "warning",
            }
          }
          viewBox="0 0 384 512"
          width={26}
          xmlns="http://www.w3.org/2000/svg"
        >
          <path
            d="M290.7 311L95 269.7 86.8 309l195.7 41zm51-87L188.2 95.7l-25.5 30.8 153.5 128.3zm-31.2 39.7L129.2 179l-16.7 36.5L293.7 300zM262 32l-32 24 119.3 160.3 32-24zm20.5 328h-200v39.7h200zm39.7 80H42.7V320h-40v160h359.5V320h-40z"
          />
        </svg>
      </span>
    </a>
    <a
      className="text-success"
    >
      <span
        title="freeCodeCamp"
      >
        <svg
          fill="currentColor"
          height={26}
          size={26}
          stroke="currentColor"
          strokeWidth="0"
          style={
            Object {
              "color": "success",
            }
          }
          viewBox="0 0 576 512"
          width={26}
          xmlns="http://www.w3.org/2000/svg"
        >
          <path
            d="M69.3 144.5c-41 68.5-36.4 163 1 227C92.5 409.7 120 423.9 120 438c0 6.8-6 13-12.8 13C87.7 451 8 375.5 8 253.2c0-111.5 78-186 97.1-186 6 0 14.9 4.8 14.9 11.1 0 12.7-28.3 28.6-50.7 66.2zm195.8 213.8c4.5 1.8 12.3 5.2 12.3-1.2 0-2.7-2.2-2.9-4.3-3.6-8.5-3.4-14-7.7-19.1-15.2-8.2-12.1-10.1-24.2-10.1-38.6 0-32.1 44.2-37.9 44.2-70 0-12.3-7.7-15.9-7.7-19.3 0-2.2.7-2.2 2.9-2.2 8 0 19.1 13.3 22.5 19.8 2.2 4.6 2.4 6 2.4 11.1 0 7-.7 14.2-.7 21.3 0 27 31.9 19.8 31.9 6.8 0-6-3.6-11.6-3.6-17.4 0-.7 0-1.2.7-1.2 3.4 0 9.4 7.7 11.1 10.1 5.8 8.9 8.5 20.8 8.5 31.4 0 32.4-29.5 49-29.5 56 0 1 2.9 7.7 12.1 1.9 29.7-15.1 53.1-47.6 53.1-89.8 0-33.6-8.7-57.7-32.1-82.6-3.9-4.1-16.4-16.9-22.5-16.9-8.2 0 7.2 18.6 7.2 31.2 0 7.2-4.8 12.3-12.3 12.3-11.6 0-14.5-25.4-15.9-33.3-5.8-33.8-12.8-58.2-46.4-74.1-10.4-5-36.5-11.8-36.5-2.2 0 2.4 2.7 4.1 4.6 5.1 9.2 5.6 19.6 21.4 19.6 38.2 0 46.1-57.7 88.2-57.7 136.2-.2 40.3 28.1 72.6 65.3 86.2zM470.4 67c-6 0-14.4 6.5-14.4 12.6 0 8.7 12.1 19.6 17.6 25.4 81.6 85.1 78.6 214.3 17.6 291-7 8.9-35.3 35.3-35.3 43.5 0 5.1 8.2 11.4 13.2 11.4 25.4 0 98.8-80.8 98.8-185.7C568 145.9 491.8 67 470.4 67zm-42.3 323.1H167c-9.4 0-15.5 7.5-15.5 16.4 0 8.5 7 15.5 15.5 15.5h261.1c9.4 0 11.9-7.5 11.9-16.4 0-8.5-3.5-15.5-11.9-15.5z"
          />
        </svg>
      </span>
    </a>
    <a
      className="text-info"
    >
      <span
        title="Twitter"
      >
        <svg
          fill="currentColor"
          height={26}
          size={26}
          stroke="currentColor"
          strokeWidth="0"
          style={
            Object {
              "color": "info",
            }
          }
          viewBox="0 0 448 512"
          width={26}
          xmlns="http://www.w3.org/2000/svg"
        >
          <path
            d="M400 32H48C21.5 32 0 53.5 0 80v352c0 26.5 21.5 48 48 48h352c26.5 0 48-21.5 48-48V80c0-26.5-21.5-48-48-48zm-48.9 158.8c.2 2.8.2 5.7.2 8.5 0 86.7-66 186.6-186.6 186.6-37.2 0-71.7-10.8-100.7-29.4 5.3.6 10.4.8 15.8.8 30.7 0 58.9-10.4 81.4-28-28.8-.6-53-19.5-61.3-45.5 10.1 1.5 19.2 1.5 29.6-1.2-30-6.1-52.5-32.5-52.5-64.4v-.8c8.7 4.9 18.9 7.9 29.6 8.3a65.447 65.447 0 0 1-29.2-54.6c0-12.2 3.2-23.4 8.9-33.1 32.3 39.8 80.8 65.8 135.2 68.6-9.3-44.5 24-80.6 64-80.6 18.9 0 35.9 7.9 47.9 20.7 14.8-2.8 29-8.3 41.6-15.8-4.9 15.2-15.2 28-28.8 36.1 13.2-1.4 26-5.1 37.8-10.2-8.9 13.1-20.1 24.7-32.9 34z"
          />
        </svg>
      </span>
    </a>
  </div>
  <div
    className="mobile-pages-main"
  >
    <div
      className="text-center"
    >
      <p
        className="d-inline p-4"
      >
        <a
          href="/"
        >
          <span
            className="text-dark"
          >
            Blog Home
          </span>
        </a>
      </p>
      <p
        className="d-inline p-4"
      >
        <a
          href="/about"
        >
          <span
            className="text-dark"
          >
            About
          </span>
        </a>
      </p>
      <p
        className="d-inline p-4"
      >
        <a
          href="/archive"
        >
          <span
            className="text-dark"
          >
            Archive
          </span>
        </a>
      </p>
    </div>
  </div>
  <div
    className="mobile-bio-main"
  >
    <img
      alt="author-pic"
      className="ml-4 mt-2"
      src="test-file-stub"
      style={
        Object {
          "borderRadius": "50%",
          "boxShadow": "1px 1px 3px",
          "maxHeight": "75px",
          "maxWidth": "75px",
        }
      }
    />
    <h4
      className="mr-4 mt-4"
    >
      Sabrina Markon
    </h4>
  </div>
</header>
`;
